// Vitest Snapshot v1

exports[`Daybook Componente -> EntryView > Debe hacer match con el snapshot 1`] = `"21Agosto2022, Domingo. Borrar  Subir foto"`;
