// Vitest Snapshot v1

exports[`Pokemon Options Component > Debe hacer match con el snapshot 1`] = `
"<div class=\\"options-container\\" data-v-39189cb9=\\"\\">
  <ul data-v-39189cb9=\\"\\">
    <li data-v-39189cb9=\\"\\">bulbasaur</li>
    <li data-v-39189cb9=\\"\\">ivysaur</li>
    <li data-v-39189cb9=\\"\\">venusaur</li>
    <li data-v-39189cb9=\\"\\">charmander</li>
  </ul>
</div>"
`;
