// Vitest Snapshot v1

exports[`Daybook Componente -> EntryView con New > Debe hacer match con el snapshot 1`] = `"23Agosto2022, Martes. Subir foto"`;

exports[`Daybook Componente -> EntryView con id > Debe hacer match con el snapshot 1`] = `"23Agosto2022, Martes. Borrar  Subir foto"`;
